## opening file [C100_FS.ttbar_pu200.AOD.pool.root]...
## importing ROOT...
## importing ROOT... [DONE]
## opening file [OK]
File:C100_FS.ttbar_pu200.AOD.pool.root
Size:  1488492.204 kb
Nbr Events: 100

================================================================================
     Mem Size       Disk Size        Size/Evt      MissZip/Mem  items  (X) Container Name (X=Tree|Branch)
================================================================================
      36.790 kb        1.527 kb        0.015 kb        0.000      100  (T) DataHeader
--------------------------------------------------------------------------------
       0.583 kb        0.086 kb        0.001 kb        0.000        1  (B) index_ref
       0.586 kb        0.089 kb        0.001 kb        0.000        1  (T) index_ref
       0.590 kb        0.093 kb        0.001 kb        0.000        1  (T) index_ref
       0.592 kb        0.095 kb        0.001 kb        0.000        1  (T) index_ref
       0.604 kb        0.100 kb        0.001 kb        0.000        1  (B) FileMetaDataAuxDyn.mcProcID
       0.613 kb        0.102 kb        0.001 kb        0.000        1  (B) FileMetaDataAuxDyn.beamEnergy
       0.619 kb        0.102 kb        0.001 kb        0.000        1  (B) FileMetaDataAuxDyn.isDataOverlay
       0.618 kb        0.109 kb        0.001 kb        0.000        1  (B) TruthMetaData
       0.617 kb        0.112 kb        0.001 kb        0.000        1  (B) FileMetaData
       0.688 kb        0.117 kb        0.001 kb        0.000        1  (B) FileMetaDataAuxDyn.mcCampaign
       0.682 kb        0.118 kb        0.001 kb        0.000        1  (B) FileMetaDataAuxDyn.beamType
       0.690 kb        0.119 kb        0.001 kb        0.000        1  (B) FileMetaDataAuxDyn.simFlavour
       0.680 kb        0.124 kb        0.001 kb        0.000        1  (B) FileMetaDataAuxDyn.amiTag
       0.720 kb        0.137 kb        0.001 kb        0.000        1  (B) FileMetaDataAuxDyn.conditionsTag
       0.728 kb        0.137 kb        0.001 kb        0.000        1  (B) FileMetaDataAuxDyn.geometryVersion
       0.656 kb        0.160 kb        0.002 kb        0.000      100  (T) IsTestBeam
       0.748 kb        0.161 kb        0.002 kb        0.000        1  (B) FileMetaDataAuxDyn.generatorsInfo
       0.660 kb        0.162 kb        0.002 kb        0.000      100  (T) IsSimulation
       0.662 kb        0.163 kb        0.002 kb        0.000      100  (T) IsCalibration
       0.977 kb        0.167 kb        0.002 kb        0.000      100  (T) McChannel
       0.977 kb        0.167 kb        0.002 kb        0.000      100  (T) RunNumber
       0.977 kb        0.167 kb        0.002 kb        0.000      100  (T) EventTime
       0.990 kb        0.170 kb        0.002 kb        0.000      100  (T) EventTimeNanoSec
       0.984 kb        0.171 kb        0.002 kb        0.000      100  (T) ConditionsRun
       0.990 kb        0.174 kb        0.002 kb        0.000      100  (B) EventInfoAuxDyn.beamPosX
       0.990 kb        0.174 kb        0.002 kb        0.000      100  (B) EventInfoAuxDyn.beamPosY
       0.990 kb        0.174 kb        0.002 kb        0.000      100  (B) EventInfoAuxDyn.beamPosZ
       1.000 kb        0.176 kb        0.002 kb        0.000      100  (B) EventInfoAuxDyn.beamStatus
       1.000 kb        0.176 kb        0.002 kb        0.000      100  (B) EventInfoAuxDyn.beamTiltXZ
       1.000 kb        0.176 kb        0.002 kb        0.000      100  (B) EventInfoAuxDyn.beamTiltYZ
       1.020 kb        0.180 kb        0.002 kb        0.000      100  (B) EventInfoAuxDyn.beamPosSigmaXY
       0.979 kb        0.180 kb        0.002 kb        0.000      100  (T) LumiBlockN
       0.960 kb        0.181 kb        0.002 kb        0.000      100  (T) EventWeight
       1.015 kb        0.183 kb        0.002 kb        0.000      100  (B) EventInfoAuxDyn.beamPosSigmaX
       1.015 kb        0.183 kb        0.002 kb        0.000      100  (B) EventInfoAuxDyn.beamPosSigmaY
       1.015 kb        0.183 kb        0.002 kb        0.000      100  (B) EventInfoAuxDyn.beamPosSigmaZ
       1.024 kb        0.185 kb        0.002 kb        0.000      100  (B) EventInfoAuxDyn.mcChannelNumber
       1.093 kb        0.210 kb        0.002 kb        0.000      100  (B) EventInfoAuxDyn.actualInteractionsPerCrossing
       1.098 kb        0.211 kb        0.002 kb        0.000      100  (B) EventInfoAuxDyn.averageInteractionsPerCrossing
       0.743 kb        0.223 kb        0.002 kb        0.000        1  (B) FileMetaDataAux.
       1.362 kb        0.269 kb        0.003 kb        0.000      100  (B) index_ref
       1.366 kb        0.272 kb        0.003 kb        0.000      100  (T) index_ref
       1.396 kb        0.282 kb        0.003 kb        0.000      100  (T) EventNumber
       1.413 kb        0.296 kb        0.003 kb        0.000      100  (B) EventInfoAuxDyn.mcEventNumber
       2.411 kb        0.321 kb        0.003 kb        0.000      100  (B) TruthEventsAuxDyn.NCOLL
       2.431 kb        0.325 kb        0.003 kb        0.000      100  (B) TruthEventsAuxDyn.NPARTPROJ
       2.431 kb        0.325 kb        0.003 kb        0.000      100  (B) TruthEventsAuxDyn.NPARTTARG
       2.416 kb        0.326 kb        0.003 kb        0.000      100  (B) TruthEventsAuxDyn.PDFID1
       2.416 kb        0.326 kb        0.003 kb        0.000      100  (B) TruthEventsAuxDyn.PDFID2
       2.548 kb        0.349 kb        0.003 kb        0.000      100  (B) TruthEvents
       2.050 kb        0.351 kb        0.004 kb        0.000      100  (B) EventInfoAuxDyn.streamTagRobs
       2.050 kb        0.351 kb        0.004 kb        0.000      100  (B) EventInfoAuxDyn.streamTagDets
       2.445 kb        0.355 kb        0.004 kb        0.000      100  (B) TruthEventsAuxDyn.ECCENTRICITY
       0.853 kb        0.355 kb        0.004 kb        0.000        1  (T) DataHeader
       2.440 kb        0.358 kb        0.004 kb        0.000      100  (B) TruthEventsAuxDyn.SIGMAINELNN
       2.416 kb        0.361 kb        0.004 kb        0.000      100  (B) TruthEventsAuxDyn.PDGID1
       2.416 kb        0.361 kb        0.004 kb        0.000      100  (B) TruthEventsAuxDyn.PDGID2
       2.479 kb        0.362 kb        0.004 kb        0.000      100  (B) TruthEventsAuxDyn.NNWOUNDEDCOLLISIONS
       2.479 kb        0.362 kb        0.004 kb        0.000      100  (B) TruthEventsAuxDyn.NWOUNDEDNCOLLISIONS
       2.514 kb        0.365 kb        0.004 kb        0.000      100  (B) TruthEventsAuxDyn.NWOUNDEDNWOUNDEDCOLLISIONS
       2.431 kb        0.368 kb        0.004 kb        0.000      100  (B) TruthEventsAuxDyn.NCOLLHARD
       0.973 kb        0.368 kb        0.004 kb        0.000      100  (T) BunchId
       2.929 kb        0.370 kb        0.004 kb        0.000      100  (B) EventInfo
       2.465 kb        0.375 kb        0.004 kb        0.000      100  (B) TruthEventsAuxDyn.SPECTATORPROTONS
       2.470 kb        0.376 kb        0.004 kb        0.000      100  (B) TruthEventsAuxDyn.SPECTATORNEUTRONS
       5.956 kb        0.401 kb        0.004 kb        0.000      100  (B) OutOfTimeAntiKt4TruthJetsAux.
       5.941 kb        0.402 kb        0.004 kb        0.000      100  (B) InTimeAntiKt4TruthJetsAux.
       2.592 kb        0.412 kb        0.004 kb        0.000      100  (B) TruthPileupParticles
       2.616 kb        0.421 kb        0.004 kb        0.000      100  (B) OutOfTimeAntiKt4TruthJets
       2.577 kb        0.440 kb        0.004 kb        0.000      100  (B) TruthPileupEvents
       2.602 kb        0.449 kb        0.004 kb        0.000      100  (B) InTimeAntiKt4TruthJets
       2.621 kb        0.457 kb        0.005 kb        0.000      100  (B) InDetLargeD0TrackParticles
       2.567 kb        0.458 kb        0.005 kb        0.000      100  (B) PrimaryVertices
       2.522 kb        0.468 kb        0.005 kb        0.000      100  (B) TruthPileupParticlesAuxDyn.Classification
       2.522 kb        0.483 kb        0.005 kb        0.000      100  (B) TruthPileupParticlesAuxDyn.parentHadronID
       2.587 kb        0.485 kb        0.005 kb        0.000      100  (B) InDetTrackParticles
       2.576 kb        0.494 kb        0.005 kb        0.000      100  (B) TruthPileupParticlesAuxDyn.classifierParticleOutCome
       2.562 kb        0.511 kb        0.005 kb        0.000      100  (B) TruthPileupParticlesAuxDyn.classifierParticleType
       2.571 kb        0.521 kb        0.005 kb        0.000      100  (B) TruthPileupParticlesAuxDyn.classifierParticleOrigin
       2.562 kb        0.523 kb        0.005 kb        0.000      100  (B) TruthParticles
       2.558 kb        0.534 kb        0.005 kb        0.000      100  (B) TruthVertices
       2.685 kb        0.548 kb        0.005 kb        0.000      100  (B) SiSPSeedSegmentsActsPixelTrackParticles
       2.616 kb        0.604 kb        0.006 kb        0.000      100  (B) ITkPixelMeasurements_offl
       2.616 kb        0.616 kb        0.006 kb        0.000      100  (B) ITkStripMeasurements_offl
       2.488 kb        0.625 kb        0.006 kb        0.000      100  (B) TruthPileupParticlesAuxDyn.barcode
       2.537 kb        0.662 kb        0.007 kb        0.000      100  (B) TruthPileupParticlesAuxDyn.pileupEventNumber
       2.392 kb        0.688 kb        0.007 kb        0.000      100  (B) TruthEventsAuxDyn.Q
       2.360 kb        0.723 kb        0.007 kb        0.000        1  (B) EventFormatStreamAOD
       2.396 kb        0.725 kb        0.007 kb        0.000      100  (B) TruthEventsAuxDyn.X2
       4.743 kb        0.739 kb        0.007 kb        0.000        1  (B) TruthMetaDataAux.
       1.819 kb        0.743 kb        0.007 kb        0.000        1  (T) DataHeaderForm
       2.396 kb        0.744 kb        0.007 kb        0.000      100  (B) TruthEventsAuxDyn.X1
       2.460 kb        0.745 kb        0.007 kb        0.000      100  (B) TruthEventsAuxDyn.IMPACTPARAMETER
       2.460 kb        0.749 kb        0.007 kb        0.000      100  (B) TruthEventsAuxDyn.EVENTPLANEANGLE
       2.401 kb        0.757 kb        0.008 kb        0.000      100  (B) TruthEventsAuxDyn.XF1
       2.401 kb        0.761 kb        0.008 kb        0.000      100  (B) TruthEventsAuxDyn.XF2
      20.917 kb        0.823 kb        0.008 kb        0.000      100  (B) EventInfoAux.
       1.457 kb        0.894 kb        0.009 kb        0.000      100  (B) EventInfoAuxDyn.pileUpMixtureIDLowBits
       1.462 kb        0.895 kb        0.009 kb        0.000      100  (B) EventInfoAuxDyn.pileUpMixtureIDHighBits
      19.029 kb        0.906 kb        0.009 kb        0.000        1  (B) _Digitization_Parameters
      10.694 kb        1.008 kb        0.010 kb        0.000      100  (B) InTimeAntiKt4TruthJetsAuxDyn.SizeParameter
      10.671 kb        1.016 kb        0.010 kb        0.000      100  (B) InTimeAntiKt4TruthJetsAuxDyn.InputType
      10.694 kb        1.023 kb        0.010 kb        0.000      100  (B) InTimeAntiKt4TruthJetsAuxDyn.AlgorithmType
      10.653 kb        1.033 kb        0.010 kb        0.000      100  (B) InTimeAntiKt4TruthJetsAuxDyn.Timing
      10.724 kb        1.041 kb        0.010 kb        0.000      100  (B) InTimeAntiKt4TruthJetsAuxDyn.TruthLabelDeltaR_T
      10.712 kb        1.057 kb        0.011 kb        0.000      100  (B) InTimeAntiKt4TruthJetsAuxDyn.GhostTausFinalPt
      10.729 kb        1.059 kb        0.011 kb        0.000      100  (B) InTimeAntiKt4TruthJetsAuxDyn.GhostTausFinalCount
      10.776 kb        1.062 kb        0.011 kb        0.000      100  (B) InTimeAntiKt4TruthJetsAuxDyn.HadronConeExclTruthLabelLxy
       6.740 kb        1.068 kb        0.011 kb        0.000        1  (B) _Generation_Parameters
      10.712 kb        1.072 kb        0.011 kb        0.000      100  (B) InTimeAntiKt4TruthJetsAuxDyn.ConeTruthLabelID
      10.753 kb        1.074 kb        0.011 kb        0.000      100  (B) InTimeAntiKt4TruthJetsAuxDyn.GhostCHadronsFinalCount
      10.735 kb        1.084 kb        0.011 kb        0.000      100  (B) InTimeAntiKt4TruthJetsAuxDyn.GhostCHadronsFinalPt
      10.753 kb        1.086 kb        0.011 kb        0.000      100  (B) InTimeAntiKt4TruthJetsAuxDyn.GhostBHadronsFinalCount
      10.771 kb        1.092 kb        0.011 kb        0.000      100  (B) InTimeAntiKt4TruthJetsAuxDyn.HadronConeExclTruthLabelDR
      10.771 kb        1.092 kb        0.011 kb        0.000      100  (B) InTimeAntiKt4TruthJetsAuxDyn.HadronConeExclTruthLabelPt
      10.771 kb        1.096 kb        0.011 kb        0.000      100  (B) InTimeAntiKt4TruthJetsAuxDyn.HadronConeExclTruthLabelID
      10.724 kb        1.100 kb        0.011 kb        0.000      100  (B) InTimeAntiKt4TruthJetsAuxDyn.TruthLabelDeltaR_B
      10.735 kb        1.104 kb        0.011 kb        0.000      100  (B) InTimeAntiKt4TruthJetsAuxDyn.GhostBHadronsFinalPt
      10.806 kb        1.104 kb        0.011 kb        0.000      100  (B) InTimeAntiKt4TruthJetsAuxDyn.HadronConeExclTruthLabelPtScaled
      10.817 kb        1.111 kb        0.011 kb        0.000      100  (B) InTimeAntiKt4TruthJetsAuxDyn.HadronConeExclExtendedTruthLabelID
      11.816 kb        1.113 kb        0.011 kb        0.000      100  (B) PrimaryVerticesAuxDyn.hasValidTime
      10.788 kb        1.125 kb        0.011 kb        0.000      100  (B) InTimeAntiKt4TruthJetsAuxDyn.HadronConeExclTruthLabelPdgId
      10.724 kb        1.158 kb        0.012 kb        0.000      100  (B) InTimeAntiKt4TruthJetsAuxDyn.PartonTruthLabelID
      10.724 kb        1.182 kb        0.012 kb        0.000      100  (B) InTimeAntiKt4TruthJetsAuxDyn.TruthLabelDeltaR_C
       2.224 kb        1.188 kb        0.012 kb        0.000        1  (B) StreamAOD
      10.718 kb        1.246 kb        0.012 kb        0.000      100  (B) InTimeAntiKt4TruthJetsAuxDyn.GhostPartonsCount
       2.808 kb        1.371 kb        0.014 kb        0.000        1  (B) _TagInfo
      18.991 kb        1.392 kb        0.014 kb        0.000      100  (B) OutOfTimeAntiKt4TruthJetsAuxDyn.SizeParameter
      18.964 kb        1.423 kb        0.014 kb        0.000      100  (B) OutOfTimeAntiKt4TruthJetsAuxDyn.InputType
      18.991 kb        1.435 kb        0.014 kb        0.000      100  (B) OutOfTimeAntiKt4TruthJetsAuxDyn.AlgorithmType
      19.012 kb        1.443 kb        0.014 kb        0.000      100  (B) OutOfTimeAntiKt4TruthJetsAuxDyn.GhostTausFinalPt
      19.032 kb        1.452 kb        0.015 kb        0.000      100  (B) OutOfTimeAntiKt4TruthJetsAuxDyn.GhostTausFinalCount
      19.025 kb        1.457 kb        0.015 kb        0.000      100  (B) OutOfTimeAntiKt4TruthJetsAuxDyn.TruthLabelDeltaR_T
      19.060 kb        1.546 kb        0.015 kb        0.000      100  (B) OutOfTimeAntiKt4TruthJetsAuxDyn.GhostBHadronsFinalCount
      19.060 kb        1.569 kb        0.016 kb        0.000      100  (B) OutOfTimeAntiKt4TruthJetsAuxDyn.GhostCHadronsFinalCount
      17.193 kb        1.573 kb        0.016 kb        0.000      100  (B) InDetLargeD0TrackParticlesAuxDyn.numberOfInnermostPixelLayerSplitEndcapHits
      17.200 kb        1.576 kb        0.016 kb        0.000      100  (B) InDetLargeD0TrackParticlesAuxDyn.numberOfInnermostPixelLayerSharedEndcapHits
      17.234 kb        1.595 kb        0.016 kb        0.000      100  (B) InDetLargeD0TrackParticlesAuxDyn.numberOfNextToInnermostPixelLayerSplitEndcapHits
      19.039 kb        1.607 kb        0.016 kb        0.000      100  (B) OutOfTimeAntiKt4TruthJetsAuxDyn.GhostBHadronsFinalPt
      10.700 kb        1.619 kb        0.016 kb        0.000      100  (B) InTimeAntiKt4TruthJetsAuxDyn.GhostPartonsPt
      10.724 kb        1.619 kb        0.016 kb        0.000      100  (B) InTimeAntiKt4TruthJetsAuxDyn.PartonTruthLabelPt
      19.012 kb        1.619 kb        0.016 kb        0.000      100  (B) OutOfTimeAntiKt4TruthJetsAuxDyn.ConeTruthLabelID
      10.724 kb        1.627 kb        0.016 kb        0.000      100  (B) InTimeAntiKt4TruthJetsAuxDyn.PartonTruthLabelDR
      10.759 kb        1.627 kb        0.016 kb        0.000      100  (B) InTimeAntiKt4TruthJetsAuxDyn.PartonTruthLabelPtScaled
      17.241 kb        1.629 kb        0.016 kb        0.000      100  (B) InDetLargeD0TrackParticlesAuxDyn.numberOfNextToInnermostPixelLayerSharedEndcapHits
      10.747 kb        1.639 kb        0.016 kb        0.000      100  (B) InTimeAntiKt4TruthJetsAuxDyn.PartonTruthLabelEnergy
      19.080 kb        1.648 kb        0.016 kb        0.000      100  (B) OutOfTimeAntiKt4TruthJetsAuxDyn.HadronConeExclTruthLabelID
      17.187 kb        1.656 kb        0.017 kb        0.000      100  (B) InDetLargeD0TrackParticlesAuxDyn.numberOfInnermostPixelLayerEndcapOutliers
      19.135 kb        1.676 kb        0.017 kb        0.000      100  (B) OutOfTimeAntiKt4TruthJetsAuxDyn.HadronConeExclExtendedTruthLabelID
      19.039 kb        1.705 kb        0.017 kb        0.000      100  (B) OutOfTimeAntiKt4TruthJetsAuxDyn.GhostCHadronsFinalPt
      19.101 kb        1.759 kb        0.018 kb        0.000      100  (B) OutOfTimeAntiKt4TruthJetsAuxDyn.HadronConeExclTruthLabelPdgId
      19.087 kb        1.761 kb        0.018 kb        0.000      100  (B) OutOfTimeAntiKt4TruthJetsAuxDyn.HadronConeExclTruthLabelLxy
       3.354 kb        1.771 kb        0.018 kb        0.000        1  (B) _Simulation_Parameters
      19.080 kb        1.855 kb        0.019 kb        0.000      100  (B) OutOfTimeAntiKt4TruthJetsAuxDyn.HadronConeExclTruthLabelDR
      19.080 kb        1.855 kb        0.019 kb        0.000      100  (B) OutOfTimeAntiKt4TruthJetsAuxDyn.HadronConeExclTruthLabelPt
      19.121 kb        1.873 kb        0.019 kb        0.000      100  (B) OutOfTimeAntiKt4TruthJetsAuxDyn.HadronConeExclTruthLabelPtScaled
      19.025 kb        1.875 kb        0.019 kb        0.000      100  (B) OutOfTimeAntiKt4TruthJetsAuxDyn.TruthLabelDeltaR_B
      17.925 kb        2.003 kb        0.020 kb        0.000      100  (T) Token
      17.228 kb        2.061 kb        0.021 kb        0.000      100  (B) InDetLargeD0TrackParticlesAuxDyn.numberOfNextToInnermostPixelLayerEndcapOutliers
      19.025 kb        2.316 kb        0.023 kb        0.000      100  (B) OutOfTimeAntiKt4TruthJetsAuxDyn.TruthLabelDeltaR_C
       7.767 kb        2.331 kb        0.023 kb        0.000        1  (T) DataHeaderForm
      18.943 kb        2.336 kb        0.023 kb        0.000      100  (B) OutOfTimeAntiKt4TruthJetsAuxDyn.Timing
      41.081 kb        2.336 kb        0.023 kb        0.000      100  (B) PrimaryVerticesAuxDyn.time
      19.025 kb        2.352 kb        0.024 kb        0.000      100  (B) OutOfTimeAntiKt4TruthJetsAuxDyn.PartonTruthLabelID
      41.179 kb        2.418 kb        0.024 kb        0.000      100  (B) PrimaryVerticesAuxDyn.timeResolution
      19.019 kb        2.556 kb        0.026 kb        0.000      100  (B) OutOfTimeAntiKt4TruthJetsAuxDyn.GhostPartonsCount
      22.814 kb        2.838 kb        0.028 kb        0.000      100  (B) TruthPileupParticlesAux.
      17.159 kb        2.895 kb        0.029 kb        0.000      100  (B) InDetLargeD0TrackParticlesAuxDyn.numberOfInnermostPixelLayerEndcapHits
      10.718 kb        2.934 kb        0.029 kb        0.000      100  (B) InTimeAntiKt4TruthJetsAuxDyn.pileupEventNumber
      61.557 kb        3.635 kb        0.036 kb        0.000      100  (B) InDetLargeD0TrackParticlesAuxDyn.truthOrigin
     194.898 kb        4.186 kb        0.042 kb        0.000      100  (B) InDetTrackParticlesAuxDyn.numberOfInnermostPixelLayerSplitEndcapHits
     194.986 kb        4.250 kb        0.043 kb        0.000      100  (B) InDetTrackParticlesAuxDyn.numberOfNextToInnermostPixelLayerSplitEndcapHits
      19.066 kb        4.260 kb        0.043 kb        0.000      100  (B) OutOfTimeAntiKt4TruthJetsAuxDyn.PartonTruthLabelPtScaled
      19.025 kb        4.273 kb        0.043 kb        0.000      100  (B) OutOfTimeAntiKt4TruthJetsAuxDyn.PartonTruthLabelPt
      18.998 kb        4.277 kb        0.043 kb        0.000      100  (B) OutOfTimeAntiKt4TruthJetsAuxDyn.GhostPartonsPt
      19.025 kb        4.297 kb        0.043 kb        0.000      100  (B) OutOfTimeAntiKt4TruthJetsAuxDyn.PartonTruthLabelDR
      19.053 kb        4.336 kb        0.043 kb        0.000      100  (B) OutOfTimeAntiKt4TruthJetsAuxDyn.PartonTruthLabelEnergy
      17.200 kb        4.584 kb        0.046 kb        0.000      100  (B) InDetLargeD0TrackParticlesAuxDyn.numberOfNextToInnermostPixelLayerEndcapHits
      17.084 kb        5.245 kb        0.052 kb        0.000      100  (B) InDetLargeD0TrackParticlesAuxDyn.numberOfContribPixelEndcap
      17.063 kb        5.361 kb        0.054 kb        0.000      100  (B) InDetLargeD0TrackParticlesAuxDyn.numberOfPixelEndcapHits
     120.543 kb        5.441 kb        0.054 kb        0.000      100  (B) InDetLargeD0TrackParticlesAuxDyn.trackLink
     195.001 kb        5.472 kb        0.055 kb        0.000      100  (B) InDetTrackParticlesAuxDyn.numberOfNextToInnermostPixelLayerSharedEndcapHits
      19.019 kb        6.060 kb        0.061 kb        0.000      100  (B) OutOfTimeAntiKt4TruthJetsAuxDyn.pileupEventNumber
      61.531 kb        6.066 kb        0.061 kb        0.000      100  (B) InDetLargeD0TrackParticlesAuxDyn.truthType
      10.630 kb        7.131 kb        0.071 kb        0.000      100  (B) InTimeAntiKt4TruthJetsAuxDyn.pt
      10.771 kb        7.174 kb        0.072 kb        0.000      100  (B) InTimeAntiKt4TruthJetsAuxDyn.JetConstitScaleMomentum_pt
      10.624 kb        7.266 kb        0.073 kb        0.000      100  (B) InTimeAntiKt4TruthJetsAuxDyn.m
      10.765 kb        7.312 kb        0.073 kb        0.000      100  (B) InTimeAntiKt4TruthJetsAuxDyn.JetConstitScaleMomentum_m
      17.125 kb        7.493 kb        0.075 kb        0.000      100  (B) InDetLargeD0TrackParticlesAuxDyn.numberOfContribPixelBarrelLayers
     194.913 kb        7.521 kb        0.075 kb        0.000      100  (B) InDetTrackParticlesAuxDyn.numberOfInnermostPixelLayerSharedEndcapHits
      10.636 kb        7.594 kb        0.076 kb        0.000      100  (B) InTimeAntiKt4TruthJetsAuxDyn.phi
      10.776 kb        7.637 kb        0.076 kb        0.000      100  (B) InTimeAntiKt4TruthJetsAuxDyn.JetConstitScaleMomentum_phi
      10.636 kb        7.641 kb        0.076 kb        0.000      100  (B) InTimeAntiKt4TruthJetsAuxDyn.eta
      61.658 kb        7.646 kb        0.076 kb        0.000      100  (B) InDetLargeD0TrackParticlesAuxDyn.truthClassification
      10.776 kb        7.680 kb        0.077 kb        0.000      100  (B) InTimeAntiKt4TruthJetsAuxDyn.JetConstitScaleMomentum_eta
    1246.302 kb        7.747 kb        0.077 kb        0.000      100  (B) SiSPSeedSegmentsActsPixelTrackParticlesAuxDyn.numberOfInnermostPixelLayerEndcapOutliers
    1246.326 kb        7.771 kb        0.078 kb        0.000      100  (B) SiSPSeedSegmentsActsPixelTrackParticlesAuxDyn.numberOfInnermostPixelLayerSplitEndcapHits
    1246.351 kb        7.792 kb        0.078 kb        0.000      100  (B) SiSPSeedSegmentsActsPixelTrackParticlesAuxDyn.numberOfInnermostPixelLayerSharedEndcapHits
      17.063 kb        7.811 kb        0.078 kb        0.000      100  (B) InDetLargeD0TrackParticlesAuxDyn.numberOfPixelBarrelHits
    1246.448 kb        7.874 kb        0.079 kb        0.000      100  (B) SiSPSeedSegmentsActsPixelTrackParticlesAuxDyn.numberOfNextToInnermostPixelLayerEndcapOutliers
    1246.473 kb        7.895 kb        0.079 kb        0.000      100  (B) SiSPSeedSegmentsActsPixelTrackParticlesAuxDyn.numberOfNextToInnermostPixelLayerSplitEndcapHits
    1246.497 kb        7.915 kb        0.079 kb        0.000      100  (B) SiSPSeedSegmentsActsPixelTrackParticlesAuxDyn.numberOfNextToInnermostPixelLayerSharedEndcapHits
     194.972 kb        8.017 kb        0.080 kb        0.000      100  (B) InDetTrackParticlesAuxDyn.numberOfNextToInnermostPixelLayerEndcapOutliers
     194.884 kb        8.085 kb        0.081 kb        0.000      100  (B) InDetTrackParticlesAuxDyn.numberOfInnermostPixelLayerEndcapOutliers
     769.067 kb        8.258 kb        0.083 kb        0.000      100  (B) InDetTrackParticlesAuxDyn.truthOrigin
      18.916 kb        9.613 kb        0.096 kb        0.000      100  (B) OutOfTimeAntiKt4TruthJetsAuxDyn.pt
      19.080 kb        9.684 kb        0.097 kb        0.000      100  (B) OutOfTimeAntiKt4TruthJetsAuxDyn.JetConstitScaleMomentum_pt
      18.909 kb        9.708 kb        0.097 kb        0.000      100  (B) OutOfTimeAntiKt4TruthJetsAuxDyn.m
      19.073 kb        9.778 kb        0.098 kb        0.000      100  (B) OutOfTimeAntiKt4TruthJetsAuxDyn.JetConstitScaleMomentum_m
      18.923 kb       10.050 kb        0.100 kb        0.000      100  (B) OutOfTimeAntiKt4TruthJetsAuxDyn.phi
      18.923 kb       10.081 kb        0.101 kb        0.000      100  (B) OutOfTimeAntiKt4TruthJetsAuxDyn.eta
      19.087 kb       10.120 kb        0.101 kb        0.000      100  (B) OutOfTimeAntiKt4TruthJetsAuxDyn.JetConstitScaleMomentum_phi
      19.087 kb       10.151 kb        0.102 kb        0.000      100  (B) OutOfTimeAntiKt4TruthJetsAuxDyn.JetConstitScaleMomentum_eta
    1198.444 kb       10.750 kb        0.107 kb        0.000      100  (B) EventInfoAuxDyn.subEventType
   29604.857 kb       11.236 kb        0.112 kb        0.000      100  (B) TruthParticlesAuxDyn.polarizationPhi
   29604.906 kb       11.277 kb        0.113 kb        0.000      100  (B) TruthParticlesAuxDyn.polarizationTheta
    1198.444 kb       13.770 kb        0.138 kb        0.000      100  (B) EventInfoAuxDyn.subEventTime
    4966.694 kb       15.667 kb        0.157 kb        0.000      100  (B) SiSPSeedSegmentsActsPixelTrackParticlesAuxDyn.truthOrigin
     769.021 kb       16.859 kb        0.169 kb        0.000      100  (B) InDetTrackParticlesAuxDyn.truthType
      61.684 kb       18.480 kb        0.185 kb        0.000      100  (B) InDetLargeD0TrackParticlesAuxDyn.truthMatchProbability
   88235.538 kb       19.784 kb        0.198 kb        0.000      100  (B) ITkStripMeasurements_offlAuxDyn.sizeZ
   88235.562 kb       19.805 kb        0.198 kb        0.000      100  (B) ITkStripMeasurements_offlAuxDyn.omegax
   88235.562 kb       19.805 kb        0.198 kb        0.000      100  (B) ITkStripMeasurements_offlAuxDyn.omegay
   88235.587 kb       19.825 kb        0.198 kb        0.000      100  (B) ITkStripMeasurements_offlAuxDyn.waferID
   88235.709 kb       19.928 kb        0.199 kb        0.000      100  (B) ITkStripMeasurements_offlAuxDyn.LorentzShift
   88235.733 kb       19.948 kb        0.199 kb        0.000      100  (B) ITkStripMeasurements_offlAuxDyn.centroid_xphi
   88235.733 kb       19.948 kb        0.199 kb        0.000      100  (B) ITkStripMeasurements_offlAuxDyn.centroid_xeta
   93775.221 kb       20.631 kb        0.206 kb        0.000      100  (B) ITkPixelMeasurements_offlAuxDyn.side
   88235.489 kb       20.653 kb        0.207 kb        0.000      100  (B) ITkStripMeasurements_offlAuxDyn.bec
   93775.294 kb       20.692 kb        0.207 kb        0.000      100  (B) ITkPixelMeasurements_offlAuxDyn.waferID
   93775.196 kb       21.532 kb        0.215 kb        0.000      100  (B) ITkPixelMeasurements_offlAuxDyn.bec
   88235.538 kb       25.237 kb        0.252 kb        0.000      100  (B) ITkStripMeasurements_offlAuxDyn.layer
     769.255 kb       26.781 kb        0.268 kb        0.000      100  (B) InDetTrackParticlesAuxDyn.truthClassification
   93775.245 kb       28.386 kb        0.284 kb        0.000      100  (B) ITkPixelMeasurements_offlAuxDyn.layer
    1534.106 kb       31.918 kb        0.319 kb        0.000      100  (B) InDetTrackParticlesAuxDyn.trackLink
     194.459 kb       32.109 kb        0.321 kb        0.000      100  (B) InDetTrackParticlesAuxDyn.hasValidTime
     120.645 kb       35.297 kb        0.353 kb        0.000      100  (B) InDetLargeD0TrackParticlesAuxDyn.truthParticleLink
      41.101 kb       36.914 kb        0.369 kb        0.000      100  (B) PrimaryVerticesAuxDyn.sumPt2
     194.518 kb       42.223 kb        0.422 kb        0.000      100  (B) InDetTrackParticlesAuxDyn.numberOfHGTDHits
      78.397 kb       52.859 kb        0.529 kb        0.000      100  (B) EventInfoAuxDyn.mcEventWeights
     769.138 kb       61.672 kb        0.617 kb        0.000      100  (B) InDetTrackParticlesAuxDyn.timeResolution
     194.752 kb       67.066 kb        0.671 kb        0.000      100  (B) InDetTrackParticlesAuxDyn.numberOfContribPixelBarrelLayers
     194.620 kb       74.962 kb        0.750 kb        0.000      100  (B) InDetTrackParticlesAuxDyn.numberOfPixelBarrelHits
     194.825 kb       77.366 kb        0.774 kb        0.000      100  (B) InDetTrackParticlesAuxDyn.numberOfInnermostPixelLayerEndcapHits
    4781.424 kb       78.088 kb        0.781 kb        0.000      100  (B) EventInfoAuxDyn.subEventLink
    1533.731 kb       80.434 kb        0.804 kb        0.000      100  (B) InDetTrackParticlesAuxDyn.HGTD_has_extension
    4966.646 kb       86.603 kb        0.866 kb        0.000      100  (B) SiSPSeedSegmentsActsPixelTrackParticlesAuxDyn.truthType
     194.913 kb       88.079 kb        0.881 kb        0.000      100  (B) InDetTrackParticlesAuxDyn.numberOfNextToInnermostPixelLayerEndcapHits
     194.664 kb       95.967 kb        0.960 kb        0.000      100  (B) InDetTrackParticlesAuxDyn.numberOfContribPixelEndcap
     194.620 kb      106.630 kb        1.066 kb        0.000      100  (B) InDetTrackParticlesAuxDyn.numberOfPixelEndcapHits
     769.302 kb      118.520 kb        1.185 kb        0.000      100  (B) InDetTrackParticlesAuxDyn.truthMatchProbability
    4966.890 kb      134.554 kb        1.346 kb        0.000      100  (B) SiSPSeedSegmentsActsPixelTrackParticlesAuxDyn.truthClassification
    9447.001 kb      144.301 kb        1.443 kb        0.000      100  (B) TruthEventsAux.
    1246.204 kb      144.364 kb        1.444 kb        0.000      100  (B) SiSPSeedSegmentsActsPixelTrackParticlesAuxDyn.numberOfInnermostPixelLayerEndcapHits
     768.903 kb      174.484 kb        1.745 kb        0.000      100  (B) InDetTrackParticlesAuxDyn.time
   93775.367 kb      176.238 kb        1.762 kb        0.000      100  (B) ITkPixelMeasurements_offlAuxDyn.phi_module
    1245.862 kb      191.394 kb        1.914 kb        0.000      100  (B) SiSPSeedSegmentsActsPixelTrackParticlesAuxDyn.numberOfPixelBarrelHits
    1245.862 kb      191.397 kb        1.914 kb        0.000      100  (B) SiSPSeedSegmentsActsPixelTrackParticlesAuxDyn.numberOfPixelEndcapHits
    1245.936 kb      191.463 kb        1.915 kb        0.000      100  (B) SiSPSeedSegmentsActsPixelTrackParticlesAuxDyn.numberOfContribPixelEndcap
   88235.660 kb      197.594 kb        1.976 kb        0.000      100  (B) ITkStripMeasurements_offlAuxDyn.phi_module
    1246.082 kb      209.250 kb        2.092 kb        0.000      100  (B) SiSPSeedSegmentsActsPixelTrackParticlesAuxDyn.numberOfContribPixelBarrelLayers
    1198.468 kb      222.527 kb        2.225 kb        0.000      100  (B) EventInfoAuxDyn.subEventIndex
    1246.351 kb      243.808 kb        2.438 kb        0.000      100  (B) SiSPSeedSegmentsActsPixelTrackParticlesAuxDyn.numberOfNextToInnermostPixelLayerEndcapHits
    3827.401 kb      388.507 kb        3.885 kb        0.000      100  (B) InDetTrackParticlesAuxDyn.HGTD_extension_chi2
    4966.938 kb      425.228 kb        4.252 kb        0.000      100  (B) SiSPSeedSegmentsActsPixelTrackParticlesAuxDyn.truthMatchProbability
    1534.294 kb      447.746 kb        4.477 kb        0.000      100  (B) InDetTrackParticlesAuxDyn.truthParticleLink
  187546.077 kb      991.632 kb        9.916 kb        0.000      100  (B) ITkPixelMeasurements_offlAuxDyn.detectorElementID
    4336.550 kb     1030.673 kb       10.307 kb        0.000      100  (B) PrimaryVerticesAux.
   93775.367 kb     1229.184 kb       12.292 kb        0.000      100  (B) ITkPixelMeasurements_offlAuxDyn.eta_module
    3104.109 kb     1314.762 kb       13.148 kb        0.000      100  (B) InDetLargeD0TrackParticlesAux.
    9928.927 kb     1437.806 kb       14.378 kb        0.000      100  (B) SiSPSeedSegmentsActsPixelTrackParticlesAuxDyn.truthParticleLink
   29604.833 kb     1979.153 kb       19.792 kb        0.000      100  (B) TruthParticlesAuxDyn.origTruthIndex
   93775.416 kb     2132.963 kb       21.330 kb        0.000      100  (B) ITkPixelMeasurements_offlAuxDyn.LorentzShift
   88235.660 kb     2861.922 kb       28.619 kb        0.000      100  (B) ITkStripMeasurements_offlAuxDyn.eta_module
  176466.663 kb     3262.108 kb       32.621 kb        0.000      100  (B) ITkStripMeasurements_offlAuxDyn.detectorElementID
   88235.514 kb     3464.201 kb       34.642 kb        0.000      100  (B) ITkStripMeasurements_offlAuxDyn.side
   93775.294 kb     7419.958 kb       74.200 kb        0.000      100  (B) ITkPixelMeasurements_offlAuxDyn.sizePhi
   93775.294 kb     7419.958 kb       74.200 kb        0.000      100  (B) ITkPixelMeasurements_offlAuxDyn.SiWidth
  436669.901 kb     7482.694 kb       74.827 kb        0.000      100  (B) TruthPileupEventsAux.
   88235.587 kb     7586.060 kb       75.861 kb        0.000      100  (B) ITkStripMeasurements_offlAuxDyn.sizePhi
   88235.587 kb     7586.060 kb       75.861 kb        0.000      100  (B) ITkStripMeasurements_offlAuxDyn.SiWidth
   93775.245 kb     8029.675 kb       80.297 kb        0.000      100  (B) ITkPixelMeasurements_offlAuxDyn.sizeZ
   39643.411 kb    16196.563 kb      161.966 kb        0.000      100  (B) InDetTrackParticlesAux.
  118395.171 kb    17280.987 kb      172.810 kb        0.000      100  (B) ITkStripMeasurements_offlAuxDyn.truth_barcode
   93775.270 kb    17780.703 kb      177.807 kb        0.000      100  (B) ITkPixelMeasurements_offlAuxDyn.omegax
   93775.270 kb    19171.867 kb      191.719 kb        0.000      100  (B) ITkPixelMeasurements_offlAuxDyn.omegay
  118395.122 kb    19302.806 kb      193.028 kb        0.000      100  (B) ITkStripMeasurements_offlAuxDyn.truth_index
  140084.499 kb    25355.979 kb      253.560 kb        0.000      100  (B) ITkPixelMeasurements_offlAuxDyn.truth_barcode
  140084.450 kb    29230.931 kb      292.309 kb        0.000      100  (B) ITkPixelMeasurements_offlAuxDyn.truth_index
   93775.440 kb    32707.120 kb      327.071 kb        0.000      100  (B) ITkPixelMeasurements_offlAuxDyn.centroid_xphi
   93775.440 kb    37422.499 kb      374.225 kb        0.000      100  (B) ITkPixelMeasurements_offlAuxDyn.centroid_xeta
  367711.658 kb    46521.830 kb      465.218 kb        0.000      100  (B) ITkPixelMeasurements_offlAuxDyn.tots
  561618.284 kb    50710.679 kb      507.107 kb        0.000      100  (B) TruthVerticesAux.
  256838.649 kb    85928.374 kb      859.284 kb        0.000      100  (B) SiSPSeedSegmentsActsPixelTrackParticlesAux.
  355222.172 kb   105715.548 kb     1057.155 kb        0.000      100  (B) TruthParticlesAux.
 1302164.374 kb   380161.248 kb     3801.612 kb        0.000      100  (B) ITkStripMeasurements_offlAux.
 1579367.964 kb   534211.102 kb     5342.111 kb        0.000      100  (B) ITkPixelMeasurements_offlAux.
================================================================================
 8505287.288 kb  1488435.368 kb    14884.354 kb        0.000      100  TOTAL (POOL containers)
================================================================================
## Bye.
